   FAIL : InsertionSortTrace.1.out -- /Users/jlong/work/Gitee/RELEASE-CS201-REPO3/book-solution/sols-repo/chap4/section-4.2/E-4.2.6-InsertionSortTrace/InsertionSortTrace.1.out 
diff stdout(up to 1000 lines):                                            ......
=============================
    - was had him and you his the but
    - had was him and you his the but
    - had him was and you his the but
    - and had him was you his the but
    - and had him was you his the but
    - and had him his was you the but
    - and had him his the was you but
    - and but had him his the was you

   FAIL : InsertionSortTrace.2.out -- /Users/jlong/work/Gitee/RELEASE-CS201-REPO3/book-solution/sols-repo/chap4/section-4.2/E-4.2.6-InsertionSortTrace/InsertionSortTrace.2.out 
diff stdout(up to 1000 lines):                                            ......
=============================
    - was had him and you his the but bat rat cat sat nat rat
    - had was him and you his the but bat rat cat sat nat rat
    - had him was and you his the but bat rat cat sat nat rat
    - and had him was you his the but bat rat cat sat nat rat
    - and had him was you his the but bat rat cat sat nat rat
    - and had him his was you the but bat rat cat sat nat rat
    - and had him his the was you but bat rat cat sat nat rat
    - and but had him his the was you bat rat cat sat nat rat
    - and bat but had him his the was you rat cat sat nat rat
    - and bat but had him his rat the was you cat sat nat rat
    - and bat but cat had him his rat the was you sat nat rat
    - and bat but cat had him his rat sat the was you nat rat
    - and bat but cat had him his nat rat sat the was you rat
    - and bat but cat had him his nat rat rat sat the was you

   FAIL : InsertionSortTrace.3.out -- /Users/jlong/work/Gitee/RELEASE-CS201-REPO3/book-solution/sols-repo/chap4/section-4.2/E-4.2.6-InsertionSortTrace/InsertionSortTrace.3.out 
diff stdout(up to 1000 lines):                                            ......
=============================
    - was had him and you his the but bit lit hit jit kit mit nit oit wit yit zit
    - had was him and you his the but bit lit hit jit kit mit nit oit wit yit zit
    - had him was and you his the but bit lit hit jit kit mit nit oit wit yit zit
    - and had him was you his the but bit lit hit jit kit mit nit oit wit yit zit
    - and had him was you his the but bit lit hit jit kit mit nit oit wit yit zit
    - and had him his was you the but bit lit hit jit kit mit nit oit wit yit zit
    - and had him his the was you but bit lit hit jit kit mit nit oit wit yit zit
    - and but had him his the was you bit lit hit jit kit mit nit oit wit yit zit
    - and bit but had him his the was you lit hit jit kit mit nit oit wit yit zit
    - and bit but had him his lit the was you hit jit kit mit nit oit wit yit zit
    - and bit but had him his hit lit the was you jit kit mit nit oit wit yit zit
    - and bit but had him his hit jit lit the was you kit mit nit oit wit yit zit
    - and bit but had him his hit jit kit lit the was you mit nit oit wit yit zit
    - and bit but had him his hit jit kit lit mit the was you nit oit wit yit zit
    - and bit but had him his hit jit kit lit mit nit the was you oit wit yit zit
    - and bit but had him his hit jit kit lit mit nit oit the was you wit yit zit
    - and bit but had him his hit jit kit lit mit nit oit the was wit you yit zit
    - and bit but had him his hit jit kit lit mit nit oit the was wit yit you zit
    - and bit but had him his hit jit kit lit mit nit oit the was wit yit you zit

