   FAIL : BinaryRepresentation.1.out -- /Users/jlong/work/Gitee/RELEASE-CS201-REPO3/book-solution/sols-repo/chap2/section-2.3/E-2.3.15-BinaryRepresentation/BinaryRepresentation.1.out 
diff stdout(up to 1000 lines):                                            ......
=============================
    -           1 --> 1
    -         3 --> 11
    -       7 --> 111
    -     15 --> 1111
    -   30 --> 11110
    - 61 --> 111101
    - Result: 61 -> 111101
    + 
    + ======================
    + ERROR: timeout reached
    + ======================
    + 
    + ======================
    + ERROR: timeout reached
    + ======================

   FAIL : BinaryRepresentation.2.out -- /Users/jlong/work/Gitee/RELEASE-CS201-REPO3/book-solution/sols-repo/chap2/section-2.3/E-2.3.15-BinaryRepresentation/BinaryRepresentation.2.out 
diff stdout(up to 1000 lines):                                            ......
=============================
    + 
    + ======================
    + ERROR: timeout reached
    + ======================
    + 
    + ======================
    + ERROR: timeout reached
    + ======================
    -                 1 --> 1
    -               3 --> 11
    -             6 --> 110
    -           13 --> 1101
    -         26 --> 11010
    -       53 --> 110101
    -     106 --> 1101010
    -   213 --> 11010101
    - 427 --> 110101011
    - Result: 427 -> 110101011

   FAIL : BinaryRepresentation.3.out -- /Users/jlong/work/Gitee/RELEASE-CS201-REPO3/book-solution/sols-repo/chap2/section-2.3/E-2.3.15-BinaryRepresentation/BinaryRepresentation.3.out 
diff stdout(up to 1000 lines):                                            ......
=============================
    + 
    + ======================
    + ERROR: timeout reached
    + ======================
    + 
    + ======================
    + ERROR: timeout reached
    + ======================
    -                 1 --> 1
    -               3 --> 11
    -             6 --> 110
    -           12 --> 1100
    -         24 --> 11000
    -       48 --> 110000
    -     96 --> 1100000
    -   192 --> 11000000
    - 385 --> 110000001
    - Result: 385 -> 110000001

   FAIL : BinaryRepresentation.4.out -- /Users/jlong/work/Gitee/RELEASE-CS201-REPO3/book-solution/sols-repo/chap2/section-2.3/E-2.3.15-BinaryRepresentation/BinaryRepresentation.4.out 
diff stdout(up to 1000 lines):                                            ......
=============================
    -         1 --> 1
    -       2 --> 10
    -     4 --> 100
    -   9 --> 1001
    - 18 --> 10010
    - Result: 18 -> 10010
    + 
    + ======================
    + ERROR: timeout reached
    + ======================
    + 
    + ======================
    + ERROR: timeout reached
    + ======================

   FAIL : BinaryRepresentation.5.out -- /Users/jlong/work/Gitee/RELEASE-CS201-REPO3/book-solution/sols-repo/chap2/section-2.3/E-2.3.15-BinaryRepresentation/BinaryRepresentation.5.out 
diff stdout(up to 1000 lines):                                            ......
=============================
    + 
    + ======================
    + ERROR: timeout reached
    + ======================
    + 
    + ======================
    + ERROR: timeout reached
    + ======================
    -               1 --> 1
    -             3 --> 11
    -           6 --> 110
    -         12 --> 1100
    -       25 --> 11001
    -     51 --> 110011
    -   103 --> 1100111
    - 206 --> 11001110
    - Result: 206 -> 11001110

   FAIL : BinaryRepresentation.6.out -- /Users/jlong/work/Gitee/RELEASE-CS201-REPO3/book-solution/sols-repo/chap2/section-2.3/E-2.3.15-BinaryRepresentation/BinaryRepresentation.6.out 
diff stdout(up to 1000 lines):                                            ......
=============================
    -             1 --> 1
    -           2 --> 10
    -         4 --> 100
    -       8 --> 1000
    -     17 --> 10001
    -   34 --> 100010
    - 69 --> 1000101
    - Result: 69 -> 1000101
    + 
    + ======================
    + ERROR: timeout reached
    + ======================
    + 
    + ======================
    + ERROR: timeout reached
    + ======================

   FAIL : BinaryRepresentation.7.out -- /Users/jlong/work/Gitee/RELEASE-CS201-REPO3/book-solution/sols-repo/chap2/section-2.3/E-2.3.15-BinaryRepresentation/BinaryRepresentation.7.out 
diff stdout(up to 1000 lines):                                            ......
=============================
    + 
    + ======================
    + ERROR: timeout reached
    + ======================
    + 
    + ======================
    + ERROR: timeout reached
    + ======================
    -               1 --> 1
    -             2 --> 10
    -           4 --> 100
    -         8 --> 1000
    -       16 --> 10000
    -     33 --> 100001
    -   66 --> 1000010
    - 133 --> 10000101
    - Result: 133 -> 10000101

   FAIL : BinaryRepresentation.8.out -- /Users/jlong/work/Gitee/RELEASE-CS201-REPO3/book-solution/sols-repo/chap2/section-2.3/E-2.3.15-BinaryRepresentation/BinaryRepresentation.8.out 
diff stdout(up to 1000 lines):                                            ......
=============================
    + 
    + ======================
    + ERROR: timeout reached
    + ======================
    + 
    + ======================
    + ERROR: timeout reached
    + ======================
    -               1 --> 1
    -             3 --> 11
    -           7 --> 111
    -         14 --> 1110
    -       29 --> 11101
    -     59 --> 111011
    -   118 --> 1110110
    - 237 --> 11101101
    - Result: 237 -> 11101101

   FAIL : BinaryRepresentation.9.out -- /Users/jlong/work/Gitee/RELEASE-CS201-REPO3/book-solution/sols-repo/chap2/section-2.3/E-2.3.15-BinaryRepresentation/BinaryRepresentation.9.out 
diff stdout(up to 1000 lines):                                            ......
=============================
    - 1 --> 1
    - Result: 1 -> 1
    + 
    + ======================
    + ERROR: timeout reached
    + ======================
    + 
    + ======================
    + ERROR: timeout reached
    + ======================

   FAIL : BinaryRepresentation.10.out -- /Users/jlong/work/Gitee/RELEASE-CS201-REPO3/book-solution/sols-repo/chap2/section-2.3/E-2.3.15-BinaryRepresentation/BinaryRepresentation.10.out 
diff stdout(up to 1000 lines):                                            ......
=============================
    + 
    + ======================
    + ERROR: timeout reached
    + ======================
    + 
    + ======================
    + ERROR: timeout reached
    + ======================
    -                       1 --> 1
    -                     2 --> 10
    -                   4 --> 100
    -                 8 --> 1000
    -               16 --> 10000
    -             32 --> 100000
    -           64 --> 1000000
    -         128 --> 10000000
    -       256 --> 100000000
    -     512 --> 1000000000
    -   1024 --> 10000000000
    - 2048 --> 100000000000
    - Result: 2048 -> 100000000000

