        0.04 real         0.02 user         0.02 sys

        0.06 real         0.02 user         0.03 sys

        0.06 real         0.02 user         0.03 sys

        0.06 real         0.03 user         0.03 sys

        0.06 real         0.02 user         0.03 sys

        0.06 real         0.03 user         0.03 sys

        0.05 real         0.02 user         0.02 sys

        0.05 real         0.02 user         0.02 sys

        0.05 real         0.02 user         0.02 sys

        0.06 real         0.03 user         0.02 sys

        0.05 real         0.02 user         0.02 sys

        0.05 real         0.03 user         0.02 sys

        0.10 real         0.08 user         0.02 sys

        0.14 real         0.11 user         0.03 sys

        0.09 real         0.06 user         0.03 sys

        0.08 real         0.05 user         0.02 sys

        0.27 real         0.24 user         0.03 sys

        0.29 real         0.26 user         0.02 sys

        0.33 real         0.30 user         0.02 sys

        0.31 real         0.28 user         0.02 sys

        0.14 real         0.11 user         0.02 sys

